---
source: panko/tests/testsuite/main.rs
info:
  program: panko
  args:
    - "--print=scopes"
    - "--stop-after=scopes"
    - panko/tests/cases/initialisation/test_initialise_ineligible_array_with_string_literal.c
---
success: true
exit_code: 0
----- stdout -----
(translation-unit
   (function-definition
      main~0 `fn() -> int`
      (compound-statement
         (definition abc~1 `array<short; 27>` (string "abc"))
         (definition xs~2 `array<int; 42>` (string "abc"))
         (definition ys~3 `array<int; 123>`
            (braced
               (string "abc")))
         (definition zs~4 `array<array<int; 100>; 7>`
            (braced
               (string "abc")
               (braced
                  (string "d"))))
         (definition ws~5 `array<array<int; 100>; 5>`
            (braced
               (braced
                  (string "abc"))
               (braced
                  (string "d"))))
         (definition multidimensional~6 `array<array<int; 4>; 9>` (string "abc"))
         (definition another_multidimensional~7 `array<array<int; 5>; 10>`
            (braced
               (string "def"))))))

----- stderr -----
