---
source: panko/tests/testsuite/main.rs
info:
  program: panko
  args:
    - "--print=scopes"
    - "--stop-after=scopes"
    - panko/tests/cases/decl_in_global_scope/test_error_redeclaration_with_different_type.c
---
success: true
exit_code: 0
----- stdout -----
(translation-unit
   (tentative-definition a~0 `int` ∅)
   (tentative-definition a~0 `int const` ∅)
   (tentative-definition f~2 `int` ∅)
   (declaration f~2 `fn() -> int` ∅)
   (declaration g~4 `fn(∅: int) -> int` ∅)
   (declaration g~4 `fn(x: int) -> int` ∅)
   (declaration g~4 `fn(∅: int, ∅: int) -> int` ∅))

----- stderr -----
