---
source: panko/tests/testsuite/main.rs
info:
  program: panko
  args:
    - "--print=scopes"
    - "--stop-after=scopes"
    - panko/tests/cases/execute/typedef/test_shadow_typedef_in_inner_scope_with_value.c
---
success: true
exit_code: 0
----- stdout -----
(translation-unit
   (declaration printf~0 `fn(∅: ptr<char const>, ...) -> int` ∅)
   (function-definition
      main~1 `fn() -> int`
      (compound-statement
         (compound-statement
            (typedef name `int`)
            (compound-statement
               (definition name~2 `long` ∅)
               (expression (assign (name name~2 `long`) (negate 42)))
               (expression
                  (call (name printf~0 `fn(∅: ptr<char const>, ...) -> int`)
                     (string "%ld\n")
                     (name name~2 `long`))))
            (definition x~3 `int` 123)
            (expression
               (call (name printf~0 `fn(∅: ptr<char const>, ...) -> int`)
                  (string "%d\n")
                  (name x~3 `int`))))
         (definition name~4 `int` 42)
         (return (name name~4 `int`)))))

----- stderr -----
