---
source: panko/tests/testsuite/main.rs
info:
  program: panko
  args:
    - "--print=scopes"
    - "--stop-after=scopes"
    - panko/tests/cases/execute/preprocessor/test_newline_in_macro_invocation.c
---
success: true
exit_code: 0
----- stdout -----
(translation-unit
   (declaration printf~0 `fn(∅: ptr<char const>, ...) -> int` ∅)
   (function-definition
      main~1 `fn() -> int`
      (compound-statement
         (expression
            (call (name printf~0 `fn(∅: ptr<char const>, ...) -> int`)
               (string "hello world\n")))
         (expression
            (call (name printf~0 `fn(∅: ptr<char const>, ...) -> int`)
               (string "x: %d\n")
               42)))))

----- stderr -----
