---
source: panko/tests/testsuite/main.rs
info:
  program: panko
  args:
    - "--print=scopes"
    - "--stop-after=scopes"
    - panko/tests/cases/execute/struct/test_struct_completed_in_inner_scope.c
---
success: true
exit_code: 0
----- stdout -----
(translation-unit "panko/tests/cases/execute/struct/test_struct_completed_in_inner_scope.c"
   (function-definition
      main~0 `fn() -> int`
      (compound-statement
         (compound-statement
            (struct T~2
               (member x `int`)))
         (declaration incomplete_here~3 `struct T~2`
            (braced
               (designation ((member x)) 42))))))

----- stderr -----
