---
source: panko/tests/testsuite/main.rs
info:
  program: panko
  args:
    - "--print=scopes"
    - "--stop-after=scopes"
    - panko/tests/cases/execute/test_ptr_ref_of_deref_is_noop.c
---
success: true
exit_code: 0
----- stdout -----
(translation-unit
   (function-definition
      main~0 `fn() -> int`
      (compound-statement
         (definition x~1 `int` 42)
         (definition p~2 `ptr<int>` (addressof (name x~1 `int`)))
         (definition q~3 `ptr<int>` (addressof (deref (name p~2 `ptr<int>`))))
         (return (deref (name q~3 `ptr<int>`))))))

----- stderr -----
