---
source: panko/tests/testsuite/main.rs
info:
  program: panko
  args:
    - "--print=scopes"
    - "--stop-after=scopes"
    - panko/tests/cases/execute/arrays/test_array_as_function_parameter_with_qualifier.c
---
success: true
exit_code: 0
----- stdout -----
(translation-unit "panko/tests/cases/execute/arrays/test_array_as_function_parameter_with_qualifier.c"
   (declaration printf~0 `fn(∅: ptr<char const>, ...) -> int` ∅)
   (function-definition
      print~1 `fn(xs: array<int; ∅>) -> void`
      (params
         xs~2 `array<int; ∅> const`)
      (compound-statement
         (expression
            (call (name printf~0 `fn(∅: ptr<char const>, ...) -> int`)
               (string "%d\n")
               (subscript (name xs~2 `array<int; ∅> const`) 0)))
         (expression
            (call (name printf~0 `fn(∅: ptr<char const>, ...) -> int`)
               (string "%d\n")
               (subscript (name xs~2 `array<int; ∅> const`) 1)))))
   (function-definition
      main~3 `fn() -> int`
      (compound-statement
         (declaration xs~4 `array<int; ∅>`
            (braced
               42
               27))
         (expression
            (call (name print~1 `fn(xs: array<int; ∅>) -> void`)
               (name xs~4 `array<int; ∅>`))))))

----- stderr -----
