---
source: panko/tests/testsuite/main.rs
info:
  program: panko
  args:
    - "--print=layout"
    - "--stop-after=layout"
    - panko/tests/cases/implicit_conversion/test_converting_int_to_unsigned_long_sign_extends.c
---
success: true
exit_code: 0
----- stdout -----
(translation-unit
   (function-definition
      (main~0 `fn() -> int` (static main))
      (compound-statement
         (definition (a~1 `signed int` @0) (noop-type-conversion (42 `int` @0) `signed int` @0))
         (definition (b~2 `unsigned long` @8) (sign-extend (a~1 `signed int` @0) `unsigned long` @8)))))

----- stderr -----
