---
source: panko/tests/testsuite/main.rs
info:
  program: panko
  args:
    - "--print=layout"
    - "--stop-after=layout"
    - panko/tests/cases/execute/enum/test_enum_without_explicit_values_sizeof.c
---
success: true
exit_code: 0
----- stdout -----
(translation-unit "panko/tests/cases/execute/enum/test_enum_without_explicit_values_sizeof.c"
   (tentative-definition external (x~4 `enum E~0 complete` (static x)) ∅)
   (function-definition external stack-size=40
      (main~5 `fn() -> int` (static main))
      (compound-statement
         (definition (e2~11 `array<enum E2~7 complete; 4>` @0) ∅)
         (return (truncate `int` @16 (16 `unsigned long` @24))))))

----- stderr -----
