---
source: panko/tests/testsuite/main.rs
info:
  program: panko
  args:
    - "--print=scopes"
    - "--stop-after=scopes"
    - panko/tests/cases/decl_in_function/test_error_redefinition_of_local_with_same_type.c
---
success: true
exit_code: 0
----- stdout -----
(translation-unit
   (function-definition
      a~0 `fn() -> int`
      (compound-statement
         (definition x~1 `int` 42)
         (definition x~1 `int` 27)
         (return (name x~1 `int`)))))

----- stderr -----
