---
source: panko/tests/testsuite/main.rs
info:
  program: panko
  args:
    - "--print=scopes"
    - "--stop-after=scopes"
    - panko/tests/cases/execute/typedef/test_shadow_typedef_in_inner_scope_with_pointer_value.c
---
success: true
exit_code: 0
----- stdout -----
(translation-unit "panko/tests/cases/execute/typedef/test_shadow_typedef_in_inner_scope_with_pointer_value.c"
   (declaration printf~0 `fn(∅: ptr<char const>, ...) -> int` ∅)
   (function-definition
      main~1 `fn() -> int`
      (compound-statement
         (compound-statement
            (typedef name `int`)
            (compound-statement
               (declaration place~2 `long` ∅)
               (declaration name~3 `ptr<long>` (addressof (name place~2 `long`)))
               (expression (assign (deref (name name~3 `ptr<long>`)) (negate 42)))
               (expression
                  (call (name printf~0 `fn(∅: ptr<char const>, ...) -> int`)
                     (string "%ld\n")
                     (name place~2 `long`))))
            (declaration x~4 `int` 123)
            (expression
               (call (name printf~0 `fn(∅: ptr<char const>, ...) -> int`)
                  (string "%d\n")
                  (name x~4 `int`))))
         (declaration name~5 `int` 42)
         (return (name name~5 `int`)))))

----- stderr -----
