---
source: panko/tests/testsuite/main.rs
info:
  program: panko
  args:
    - "--print=layout"
    - "--stop-after=layout"
    - panko/tests/cases/execute/preprocessor/test_empty_va_opt.c
---
success: true
exit_code: 0
----- stdout -----
(translation-unit "panko/tests/cases/execute/preprocessor/test_empty_va_opt.c"
   (declaration external (printf~0 `fn(∅: ptr<char const>, ...) -> int` (static printf)) ∅)
   (function-definition external
      (main~1 `fn() -> int` (static main))
      (compound-statement
         (expression
            (call `int` @0
               (addressof `ptr<fn(∅: ptr<char const>, ...) -> int>` @8
                  (printf~0 `fn(∅: ptr<char const>, ...) -> int` (static printf)))
               (noop-type-conversion `ptr<char const>` @16
                  (noop-type-conversion `ptr<char>` @16
                     (addressof `ptr<array<char; 4>>` @16
                        (string `array<char; 4>` @void "%d\n\0"))))
               (add `int` @24
                  (1 `int` @24)
                  (2 `int` @28))))
         (expression
            (call `int` @0
               (addressof `ptr<fn(∅: ptr<char const>, ...) -> int>` @8
                  (printf~0 `fn(∅: ptr<char const>, ...) -> int` (static printf)))
               (noop-type-conversion `ptr<char const>` @16
                  (noop-type-conversion `ptr<char>` @16
                     (addressof `ptr<array<char; 4>>` @16
                        (string `array<char; 4>` @void "%d\n\0"))))
               (add `int` @24
                  (2 `int` @24)
                  (5 `int` @28))))
         (expression
            (call `int` @0
               (addressof `ptr<fn(∅: ptr<char const>, ...) -> int>` @8
                  (printf~0 `fn(∅: ptr<char const>, ...) -> int` (static printf)))
               (noop-type-conversion `ptr<char const>` @16
                  (noop-type-conversion `ptr<char>` @16
                     (addressof `ptr<array<char; 4>>` @16
                        (string `array<char; 4>` @void "%d\n\0"))))
               (add `int` @24
                  (3 `int` @24)
                  (2 `int` @28)))))))

----- stderr -----
