---
source: panko/tests/testsuite/main.rs
info:
  program: panko
  args:
    - "--print=scopes"
    - "--stop-after=scopes"
    - panko/tests/cases/execute/generic/test_type_compatibility.c
---
success: true
exit_code: 0
----- stdout -----
(translation-unit "panko/tests/cases/execute/generic/test_type_compatibility.c"
   (enum E1~0
      (enumerators
         (enumerator A~1 `enum E1~0`.0 ∅)
         (enumerator B~2 `enum E1~0`.1 ∅)
         (enumerator C~3 `enum E1~0`.2 ∅)))
   (enum E2~4
      (enumerators
         (enumerator D~5 `enum E2~4`.0 ∅)
         (enumerator E~6 `enum E2~4`.1 ∅)
         (enumerator F~7 `enum E2~4`.2 ∅)))
   (function-definition
      main~8 `fn() -> int`
      (compound-statement
         (declaration x~10 `enum E1~0 complete` (enumerator A~1 `enum E1~0 complete`.0 ∅))
         (declaration y~11 `enum E2~4 complete` (enumerator D~5 `enum E2~4 complete`.0 ∅))
         (expression
            (generic
               (name x~10 `enum E1~0 complete`)
               (assoc `enum E1~0 complete` 0)))
         (expression
            (generic
               (name x~10 `enum E1~0 complete`)
               (assoc `unsigned int` 0)))
         (expression
            (generic
               (name y~11 `enum E2~4 complete`)
               (assoc `enum E2~4 complete` 0)))
         (expression
            (generic
               (name y~11 `enum E2~4 complete`)
               (assoc `unsigned int` 0)))
         (return
            (add
               (generic
                  (name x~10 `enum E1~0 complete`)
                  (assoc `enum E1~0 complete` 0)
                  (assoc `enum E2~4 complete` 1))
               (generic
                  (name y~11 `enum E2~4 complete`)
                  (assoc `enum E1~0 complete` 1)
                  (assoc `enum E2~4 complete` 0)))))))

----- stderr -----
