---
source: panko/tests/testsuite/main.rs
info:
  program: panko
  args:
    - "--print=scopes"
    - "--stop-after=scopes"
    - panko/tests/cases/execute/arithmetic/test_sizeof.c
---
success: true
exit_code: 0
----- stdout -----
(translation-unit
   (declaration calloc~0 `fn(∅: unsigned long, ∅: unsigned long) -> ptr<void>` ∅)
   (function-definition
      main~1 `fn() -> int`
      (compound-statement
         (definition p~2 `ptr<int>`
            (call (name calloc~0 `fn(∅: unsigned long, ∅: unsigned long) -> ptr<void>`)
               1
               (sizeof (deref (name p~2 `ptr<int>`)))))
         (return (add (deref (name p~2 `ptr<int>`)) (sizeof (addressof (name calloc~0 `fn(∅: unsigned long, ∅: unsigned long) -> ptr<void>`))))))))

----- stderr -----
