---
source: panko/tests/testsuite/main.rs
info:
  program: panko
  args:
    - "--print=preprocess"
    - "--stop-after=preprocess"
    - panko/tests/cases/execute/preprocessor/test_define_keyword.c
---
success: true
exit_code: 0
----- stdout -----

 

 
int main() {
    return 42;
}

----- stderr -----
