---
source: panko/tests/testsuite/main.rs
info:
  program: panko
  args:
    - "--print=scopes"
    - "--stop-after=scopes"
    - panko/tests/cases/execute/test_argc.c
---
success: true
exit_code: 0
----- stdout -----
(translation-unit "panko/tests/cases/execute/test_argc.c"
   (function-definition
      main~0 `fn(argc: int, ∅: ptr<ptr<char>>) -> int`
      (params
         argc~1 `int`
         main.unnamed_parameter.1~2 `ptr<ptr<char>>`)
      (compound-statement
         (return (name argc~1 `int`)))))

----- stderr -----
