---
source: panko/tests/testsuite/main.rs
info:
  program: panko
  args:
    - "--print=layout"
    - "--stop-after=layout"
    - panko/tests/cases/execute/preprocessor/test_null_directive_at_end_of_file_without_newline.c
---
success: true
exit_code: 0
----- stdout -----
(translation-unit "panko/tests/cases/execute/preprocessor/test_null_directive_at_end_of_file_without_newline.c"
   (function-definition
      (main~0 `fn() -> int` (static main))
      (compound-statement)))

----- stderr -----
