---
source: panko/tests/testsuite/main.rs
info:
  program: panko
  args:
    - "--print=layout"
    - "--stop-after=layout"
    - panko/tests/cases/execute/pointers/test_conversion_from_null_pointer_constant.c
---
success: true
exit_code: 0
----- stdout -----
(translation-unit "panko/tests/cases/execute/pointers/test_conversion_from_null_pointer_constant.c"
   (function-definition external stack-size=56
      (main~0 `fn() -> int` (static main))
      (compound-statement
         (definition (a~2 `ptr<int>` @0) (sign-extend `ptr<int>` @0 (0 `int` @8)))
         (definition (b~3 `ptr<bool>` @8) (zero-extend `ptr<bool>` @8 (0 `bool` @16)))
         (definition (c~4 `ptr<char const>` @16) (noop-type-conversion `ptr<char const>` @16 (sign-extend `ptr<void>` @16 (0 `int` @24))))
         (definition (d~5 `ptr<long> const` @24) (noop-type-conversion `ptr<long>` @24 (nullptr `nullptr_t` @24)))
         (definition (e~6 `ptr<fn() -> int>` @32)
            (sign-extend `ptr<fn() -> int>` @32
               (conditional `int` @40
                  (42 `int` @44)
                  (0 `int` @40)
                  (1 `int` @40))))
         (return
            (logical-and `int` @40
               (logical-and `int` @40
                  (logical-and `int` @40
                     (logical-and `int` @40
                        (not `int` @40 (a~2 `ptr<int>` @0))
                        (not `int` @44 (b~3 `ptr<bool>` @8)))
                     (not `int` @44 (c~4 `ptr<char const>` @16)))
                  (not `int` @44 (d~5 `ptr<long> const` @24)))
               (not `int` @44 (e~6 `ptr<fn() -> int>` @32)))))))

----- stderr -----
