---
source: panko/tests/testsuite/main.rs
info:
  program: panko
  args:
    - "--print=scopes"
    - "--stop-after=scopes"
    - panko/tests/cases/execute/preprocessor/test_paste_chain.c
---
success: true
exit_code: 0
----- stdout -----
(translation-unit "panko/tests/cases/execute/preprocessor/test_paste_chain.c"
   (function-definition
      main~0 `fn() -> int`
      (compound-statement
         (return 0x34ll))))

----- stderr -----
