---
source: panko/tests/testsuite/main.rs
info:
  program: panko
  args:
    - "--print=layout"
    - "--stop-after=layout"
    - panko/tests/cases/execute/compound-literal/test_compound_literal_2.c
---
success: true
exit_code: 0
----- stdout -----
(translation-unit "panko/tests/cases/execute/compound-literal/test_compound_literal_2.c"
   (declaration external (printf~0 `fn(∅: ptr<char const>, ...) -> int` (static printf)) ∅)
   (function-definition external stack-size=40
      (print~1 `fn(x: int) -> int` (static print))
      (params
         (x~3 `int` @0))
      (compound-statement
         (expression
            (call `int` @4
               (addressof `ptr<fn(∅: ptr<char const>, ...) -> int>` @8
                  (printf~0 `fn(∅: ptr<char const>, ...) -> int` (static printf)))
               (noop-type-conversion `ptr<char const>` @16
                  (noop-type-conversion `ptr<char>` @16
                     (addressof `ptr<array<char; 4>>` @16
                        (string `array<char; 4>` @void "%d \0"))))
               (x~3 `int` @0)))
         (return (x~3 `int` @0))))
   (function-definition external stack-size=88
      (f~4 `fn() -> void` (static f))
      (compound-statement
         (definition (p1~6 `ptr<int>` @0) (noop-type-conversion `ptr<int>` @0 (nullptr `nullptr_t` @0)))
         (definition (p2~7 `ptr<int>` @8) (noop-type-conversion `ptr<int>` @8 (nullptr `nullptr_t` @8)))
         (definition (p3~8 `ptr<int>` @16) (noop-type-conversion `ptr<int>` @16 (nullptr `nullptr_t` @16)))
         (expression
            (call `int` @28
               (addressof `ptr<fn(∅: ptr<char const>, ...) -> int>` @32
                  (printf~0 `fn(∅: ptr<char const>, ...) -> int` (static printf)))
               (noop-type-conversion `ptr<char const>` @40
                  (noop-type-conversion `ptr<char>` @40
                     (addressof `ptr<array<char; 4>>` @40
                        (string `array<char; 4>` @void "%d\n\0"))))
               (combine `int` @48
                  (assign `ptr<int>` @16
                     (p3~8 `ptr<int>` @16)
                     (addressof `ptr<int>` @16
                        (compound-literal `int` @24
                           (definition (compound_literal.9~10 `int` @24)
                              (braced
                                 (subobject +0
                                    (add `int` @24
                                       (combine `int` @24
                                          (assign `ptr<int>` @0
                                             (p1~6 `ptr<int>` @0)
                                             (addressof `ptr<int>` @0
                                                (compound-literal `int` @52
                                                   (definition (compound_literal.11~12 `int` @52)
                                                      (braced
                                                         (subobject +0
                                                            (call `int` @52
                                                               (addressof `ptr<fn(x: int) -> int>` @56
                                                                  (print~1 `fn(x: int) -> int` (static print)))
                                                               (10 `int` @64))))))))
                                          (deref `int` @24 (p1~6 `ptr<int>` @0)))
                                       (combine `int` @56
                                          (assign `ptr<int>` @8
                                             (p2~7 `ptr<int>` @8)
                                             (addressof `ptr<int>` @8
                                                (compound-literal `int` @60
                                                   (definition (compound_literal.13~14 `int` @60)
                                                      (braced
                                                         (subobject +0
                                                            (call `int` @60
                                                               (addressof `ptr<fn(x: int) -> int>` @64
                                                                  (print~1 `fn(x: int) -> int` (static print)))
                                                               (5 `int` @72))))))))
                                          (deref `int` @56 (p2~7 `ptr<int>` @8))))))))))
                  (deref `int` @48 (p3~8 `ptr<int>` @16)))))
         (expression
            (call `int` @28
               (addressof `ptr<fn(∅: ptr<char const>, ...) -> int>` @32
                  (printf~0 `fn(∅: ptr<char const>, ...) -> int` (static printf)))
               (noop-type-conversion `ptr<char const>` @40
                  (noop-type-conversion `ptr<char>` @40
                     (addressof `ptr<array<char; 10>>` @40
                        (string `array<char; 10>` @void "%d %d %d\n\0"))))
               (deref `int` @48 (p1~6 `ptr<int>` @0))
               (deref `int` @52 (p2~7 `ptr<int>` @8))
               (deref `int` @56 (p3~8 `ptr<int>` @16))))
         (definition (a~15 `int` @28) (10 `int` @28))
         (definition (b~16 `int` @32) (20 `int` @32))
         (definition (c~17 `int` @36) (30 `int` @36))
         (expression
            (call `int` @40
               (addressof `ptr<fn(∅: ptr<char const>, ...) -> int>` @48
                  (printf~0 `fn(∅: ptr<char const>, ...) -> int` (static printf)))
               (noop-type-conversion `ptr<char const>` @56
                  (noop-type-conversion `ptr<char>` @56
                     (addressof `ptr<array<char; 10>>` @56
                        (string `array<char; 10>` @void "%d %d %d\n\0"))))
               (a~15 `int` @28)
               (b~16 `int` @32)
               (c~17 `int` @36)))
         (expression
            (call `int` @40
               (addressof `ptr<fn(∅: ptr<char const>, ...) -> int>` @48
                  (printf~0 `fn(∅: ptr<char const>, ...) -> int` (static printf)))
               (noop-type-conversion `ptr<char const>` @56
                  (noop-type-conversion `ptr<char>` @56
                     (addressof `ptr<array<char; 10>>` @56
                        (string `array<char; 10>` @void "%d %d %d\n\0"))))
               (deref `int` @64 (p1~6 `ptr<int>` @0))
               (deref `int` @68 (p2~7 `ptr<int>` @8))
               (deref `int` @72 (p3~8 `ptr<int>` @16))))))
   (function-definition external stack-size=104
      (g~18 `fn() -> void` (static g))
      (compound-statement
         (definition (p1~20 `ptr<int>` @0) (noop-type-conversion `ptr<int>` @0 (nullptr `nullptr_t` @0)))
         (definition (p2~21 `ptr<int>` @8) (noop-type-conversion `ptr<int>` @8 (nullptr `nullptr_t` @8)))
         (definition (p3~22 `ptr<int>` @16) (noop-type-conversion `ptr<int>` @16 (nullptr `nullptr_t` @16)))
         (definition (x~23 `int` @24) (1 `int` @24))
         (definition (y~24 `int` @28) (2 `int` @28))
         (definition (z~25 `int` @32) (3 `int` @32))
         (expression
            (call `int` @40
               (addressof `ptr<fn(∅: ptr<char const>, ...) -> int>` @48
                  (printf~0 `fn(∅: ptr<char const>, ...) -> int` (static printf)))
               (noop-type-conversion `ptr<char const>` @56
                  (noop-type-conversion `ptr<char>` @56
                     (addressof `ptr<array<char; 4>>` @56
                        (string `array<char; 4>` @void "%d\n\0"))))
               (combine `int` @64
                  (assign `ptr<int>` @16
                     (p3~22 `ptr<int>` @16)
                     (addressof `ptr<int>` @16
                        (compound-literal `int` @36
                           (definition (compound_literal.26~27 `int` @36)
                              (braced
                                 (subobject +0
                                    (add `int` @36
                                       (combine `int` @36
                                          (assign `ptr<int>` @0
                                             (p1~20 `ptr<int>` @0)
                                             (addressof `ptr<int>` @0
                                                (compound-literal `int` @68
                                                   (definition (compound_literal.28~29 `int` @68)
                                                      (braced
                                                         (subobject +0
                                                            (call `int` @68
                                                               (addressof `ptr<fn(x: int) -> int>` @72
                                                                  (print~1 `fn(x: int) -> int` (static print)))
                                                               (10 `int` @80))))))))
                                          (deref `int` @36 (p1~20 `ptr<int>` @0)))
                                       (combine `int` @72
                                          (assign `ptr<int>` @8
                                             (p2~21 `ptr<int>` @8)
                                             (addressof `ptr<int>` @8
                                                (compound-literal `int` @76
                                                   (definition (compound_literal.30~31 `int` @76)
                                                      (braced
                                                         (subobject +0
                                                            (call `int` @76
                                                               (addressof `ptr<fn(x: int) -> int>` @80
                                                                  (print~1 `fn(x: int) -> int` (static print)))
                                                               (5 `int` @88))))))))
                                          (deref `int` @72 (p2~21 `ptr<int>` @8))))))))))
                  (deref `int` @64 (p3~22 `ptr<int>` @16)))))
         (expression
            (call `int` @40
               (addressof `ptr<fn(∅: ptr<char const>, ...) -> int>` @48
                  (printf~0 `fn(∅: ptr<char const>, ...) -> int` (static printf)))
               (noop-type-conversion `ptr<char const>` @56
                  (noop-type-conversion `ptr<char>` @56
                     (addressof `ptr<array<char; 10>>` @56
                        (string `array<char; 10>` @void "%d %d %d\n\0"))))
               (x~23 `int` @24)
               (y~24 `int` @28)
               (z~25 `int` @32)))
         (expression
            (assign `int` @24
               (x~23 `int` @24)
               (4 `int` @24)))
         (expression
            (assign `int` @28
               (y~24 `int` @28)
               (5 `int` @28)))
         (expression
            (assign `int` @32
               (z~25 `int` @32)
               (6 `int` @32)))
         (expression
            (call `int` @40
               (addressof `ptr<fn(∅: ptr<char const>, ...) -> int>` @48
                  (printf~0 `fn(∅: ptr<char const>, ...) -> int` (static printf)))
               (noop-type-conversion `ptr<char const>` @56
                  (noop-type-conversion `ptr<char>` @56
                     (addressof `ptr<array<char; 10>>` @56
                        (string `array<char; 10>` @void "%d %d %d\n\0"))))
               (x~23 `int` @24)
               (y~24 `int` @28)
               (z~25 `int` @32)))
         (expression
            (call `int` @40
               (addressof `ptr<fn(∅: ptr<char const>, ...) -> int>` @48
                  (printf~0 `fn(∅: ptr<char const>, ...) -> int` (static printf)))
               (noop-type-conversion `ptr<char const>` @56
                  (noop-type-conversion `ptr<char>` @56
                     (addressof `ptr<array<char; 10>>` @56
                        (string `array<char; 10>` @void "%d %d %d\n\0"))))
               (deref `int` @64 (p1~20 `ptr<int>` @0))
               (deref `int` @68 (p2~21 `ptr<int>` @8))
               (deref `int` @72 (p3~22 `ptr<int>` @16))))))
   (function-definition external stack-size=24
      (main~32 `fn() -> int` (static main))
      (compound-statement
         (expression
            (call `void` @void
               (addressof `ptr<fn() -> void>` @0
                  (f~4 `fn() -> void` (static f)))))
         (expression
            (call `void` @void
               (addressof `ptr<fn() -> void>` @0
                  (g~18 `fn() -> void` (static g))))))))

----- stderr -----
