---
source: panko/tests/testsuite/main.rs
info:
  program: panko
  args:
    - "--print=layout"
    - "--stop-after=layout"
    - panko/tests/cases/decl_in_global_scope/test_tentative_definitions.c
---
success: true
exit_code: 0
----- stdout -----
(translation-unit "panko/tests/cases/decl_in_global_scope/test_tentative_definitions.c"
   (tentative-definition external (tentative~0 `int` (static tentative)) ∅)
   (tentative-definition external (tentative~0 `int` (static tentative)) ∅)
   (tentative-definition external (tentative~0 `int` (static tentative)) ∅))

----- stderr -----
