---
source: panko/tests/testsuite/main.rs
info:
  program: panko
  args:
    - "--print=scopes"
    - "--stop-after=scopes"
    - panko/tests/cases/decl_in_function/test_error_redefinition_of_local_with_different_type.c
---
success: true
exit_code: 0
----- stdout -----
(translation-unit "panko/tests/cases/decl_in_function/test_error_redefinition_of_local_with_different_type.c"
   (function-definition
      a~0 `fn() -> int`
      (compound-statement
         (declaration x~1 `int` 42)
         (declaration x~1 `int const` 27)
         (declaration a~3 `int` 0)
         (declaration a~3 `char` 1)
         (return (name x~1 `int const`)))))

----- stderr -----
