---
source: panko/tests/testsuite/main.rs
info:
  program: panko
  args:
    - "--print=layout"
    - "--stop-after=layout"
    - panko/tests/cases/execute/typedef/test_first_token_after_scope.c
---
success: true
exit_code: 0
----- stdout -----
(translation-unit
   (declaration (puts~0 `fn(∅: ptr<char const>) -> int` (static puts)) ∅)
   (function-definition
      (main~1 `fn() -> int` (static main))
      (compound-statement
         (compound-statement
            (typedef puts `int`))
         (expression
            (call `int` @0
               (addressof `ptr<fn(∅: ptr<char const>) -> int>` @8
                  (puts~0 `fn(∅: ptr<char const>) -> int` (static puts)))
               (noop-type-conversion `ptr<char const>` @16
                  (noop-type-conversion `ptr<char>` @16
                     (addressof `ptr<array<char; 6>>` @16
                        (string `array<char; 6>` @void "hello\0")))))))))

----- stderr -----
