---
source: panko/tests/testsuite/main.rs
info:
  program: panko
  args:
    - "--print=layout"
    - "--stop-after=layout"
    - panko/tests/cases/implicit_conversion/test_implicit_ptr_cast.c
---
success: true
exit_code: 0
----- stdout -----
(translation-unit "panko/tests/cases/implicit_conversion/test_implicit_ptr_cast.c"
   (function-definition external stack-size=24
      (const_can_be_added~0 `fn() -> ptr<int const>` (static const_can_be_added))
      (compound-statement
         (definition (p~2 `ptr<int>` @0) ∅)
         (return (noop-type-conversion `ptr<int const>` @0 (p~2 `ptr<int>` @0)))))
   (function-definition external stack-size=24
      (const_can_be_removed~3 `fn() -> ptr<int>` (static const_can_be_removed))
      (compound-statement
         (definition (p~5 `ptr<int const>` @0) ∅)
         (return (noop-type-conversion `ptr<int>` @0 (p~5 `ptr<int const>` @0)))))
   (function-definition external stack-size=24
      (cast_between_completely_different_ptr_types~6 `fn() -> ptr<ptr<char>>` (static cast_between_completely_different_ptr_types))
      (compound-statement
         (definition (p~8 `ptr<int>` @0) ∅)
         (return (noop-type-conversion `ptr<ptr<char>>` @0 (p~8 `ptr<int>` @0))))))

----- stderr -----
