---
source: panko/tests/testsuite/main.rs
info:
  program: panko
  args:
    - "--print=layout"
    - "--stop-after=layout"
    - panko/tests/cases/execute/char/test_backslash_newline.c
---
success: true
exit_code: 0
----- stdout -----
(translation-unit "panko/tests/cases/execute/char/test_backslash_newline.c"
   (declaration (printf~0 `fn(∅: ptr<char const>, ...) -> int` (static printf)) ∅)
   (function-definition
      (main~1 `fn() -> int` (static main))
      (compound-statement
         (expression
            (call `int` @0
               (addressof `ptr<fn(∅: ptr<char const>, ...) -> int>` @8
                  (printf~0 `fn(∅: ptr<char const>, ...) -> int` (static printf)))
               (noop-type-conversion `ptr<char const>` @16
                  (noop-type-conversion `ptr<char>` @16
                     (addressof `ptr<array<char; 4>>` @16
                        (string `array<char; 4>` @void "%c\n\0"))))
               (97 `int` @24)))
         (expression
            (call `int` @0
               (addressof `ptr<fn(∅: ptr<char const>, ...) -> int>` @8
                  (printf~0 `fn(∅: ptr<char const>, ...) -> int` (static printf)))
               (noop-type-conversion `ptr<char const>` @16
                  (noop-type-conversion `ptr<char>` @16
                     (addressof `ptr<array<char; 4>>` @16
                        (string `array<char; 4>` @void "%c\n\0"))))
               (98 `int` @24))))))

----- stderr -----
