---
source: panko/tests/testsuite/main.rs
info:
  program: panko
  args:
    - "--print=scopes"
    - "--stop-after=scopes"
    - panko/tests/cases/execute/preprocessor/test_paren_from_macro_does_not_lead_to_function_call.c
---
success: true
exit_code: 0
----- stdout -----
(translation-unit "panko/tests/cases/execute/preprocessor/test_paren_from_macro_does_not_lead_to_function_call.c"
   (declaration printf~0 `fn(∅: ptr<char const>, ...) -> int` ∅)
   (function-definition
      a~1 `fn() -> int`
      (compound-statement
         (return 27)))
   (function-definition
      main~2 `fn() -> int`
      (compound-statement
         (declaration called~3 `int` 42)
         (expression
            (call (name printf~0 `fn(∅: ptr<char const>, ...) -> int`)
               (string "%d\n")
               (name called~3 `int`)))
         (expression
            (call (name printf~0 `fn(∅: ptr<char const>, ...) -> int`)
               (string "%d\n")
               (call (name a~1 `fn() -> int`))))
         (expression
            (call (name printf~0 `fn(∅: ptr<char const>, ...) -> int`)
               (string "%d\n")
               (name called~3 `int`))))))

----- stderr -----
