---
source: panko/tests/testsuite/main.rs
info:
  program: panko
  args:
    - "--print=scopes"
    - "--stop-after=scopes"
    - panko/tests/cases/execute/struct/bitfield/test_bitfield.c
---
success: true
exit_code: 0
----- stdout -----
(translation-unit "panko/tests/cases/execute/struct/bitfield/test_bitfield.c"
   (declaration printf~0 `fn(∅: ptr<char const>, ...) -> int` ∅)
   (struct T~1
      (member x (bitfield-width 20) `unsigned int`)
      (member y (bitfield-width 20) `long`)
      (member z (bitfield-width 20) `unsigned int`))
   (function-definition
      main~2 `fn() -> int`
      (compound-statement
         (union ∅~4
            (member t `struct T~1 complete`)
            (member x `long`))
         (declaration u~6 `union ∅~5 complete` (braced ∅))
         (expression
            (assign
               (dot x
                  (dot t
                     (name u~6 `union ∅~5 complete`)))
               0x55555))
         (expression
            (assign
               (dot y
                  (dot t
                     (name u~6 `union ∅~5 complete`)))
               0xbbbbb))
         (expression
            (assign
               (dot z
                  (dot t
                     (name u~6 `union ∅~5 complete`)))
               0xccccc))
         (expression
            (call (name printf~0 `fn(∅: ptr<char const>, ...) -> int`)
               (string "%d %d %d\n")
               (greater
                  (dot x
                     (dot t
                        (name u~6 `union ∅~5 complete`)))
                  0)
               (less
                  (dot y
                     (dot t
                        (name u~6 `union ∅~5 complete`)))
                  0)
               (greater
                  (dot z
                     (dot t
                        (name u~6 `union ∅~5 complete`)))
                  0)))
         (expression
            (call (name printf~0 `fn(∅: ptr<char const>, ...) -> int`)
               (string "0x%016lx\n")
               (dot x
                  (name u~6 `union ∅~5 complete`))))
         (return (sizeof `struct T~1 complete`)))))

----- stderr -----
