---
source: panko/tests/testsuite/main.rs
info:
  program: panko
  args:
    - "--print=typeck"
    - "--stop-after=typeck"
    - panko/tests/cases/execute/enum/test_enum_arithmetic.c
---
success: true
exit_code: 0
----- stdout -----
(translation-unit "panko/tests/cases/execute/enum/test_enum_arithmetic.c"
   (declaration external printf~0 `fn(∅: ptr<char const>, ...) -> int` ∅)
   (enum E~1
      (enumerators
         (enumerator A~2 0 `int` 0)
         (enumerator B~3 1 `int` 1)
         (enumerator C~4 2 `int` 2)
         (enumerator D~5 3 `int` 3)))
   (function-definition external
      main~6 `fn() -> int`
      (compound-statement
         (definition a~8 `enum E~1 complete` (noop-type-conversion `enum E~1 complete` (A `int`)))
         (definition b~9 `enum E~1 complete` (noop-type-conversion `enum E~1 complete` (B `int`)))
         (definition c~10 `enum E~1 complete` (noop-type-conversion `enum E~1 complete` (C `int`)))
         (expression
            (call `int`
               (addressof `ptr<fn(∅: ptr<char const>, ...) -> int>`
                  (printf~0 `fn(∅: ptr<char const>, ...) -> int`))
               (noop-type-conversion `ptr<char const>`
                  (noop-type-conversion `ptr<char>`
                     (addressof `ptr<array<char; 16>>`
                        (string `array<char; 16>` "%d %d %d %d %d\n\0"))))
               (a~8 `enum E~1 complete`)
               (add `int` (noop-type-conversion `int` (a~8 `enum E~1 complete`)) (B `int`))
               (add `int` (noop-type-conversion `int` (b~9 `enum E~1 complete`)) (noop-type-conversion `int` (c~10 `enum E~1 complete`)))
               (multiply `int` (D `int`) (noop-type-conversion `int` (c~10 `enum E~1 complete`)))
               (left-shift `int` (noop-type-conversion `int` (b~9 `enum E~1 complete`)) (noop-type-conversion `int` (c~10 `enum E~1 complete`))))))))

----- stderr -----
