---
source: panko/tests/testsuite/main.rs
info:
  program: panko
  args:
    - "--print=layout"
    - "--stop-after=layout"
    - panko/tests/cases/execute/test_variable_with_initialiser_doesnt_share_slot_with_initialiser.c
---
success: true
exit_code: 0
----- stdout -----
(translation-unit "panko/tests/cases/execute/test_variable_with_initialiser_doesnt_share_slot_with_initialiser.c"
   (function-definition external
      (main~0 `fn() -> int` (static main))
      (compound-statement
         (definition (a~1 `int` @0) (42 `int` @0))
         (definition (b~2 `int` @4) (a~1 `int` @0))
         (expression
            (assign `int` @4
               (b~2 `int` @4)
               (27 `int` @4)))
         (return (a~1 `int` @0)))))

----- stderr -----
