---
source: panko/tests/testsuite/main.rs
info:
  program: panko
  args:
    - "--print=layout"
    - "--stop-after=layout"
    - panko/tests/cases/decl_in_global_scope/test_cv_qualifiers.c
---
success: true
exit_code: 0
----- stdout -----
(translation-unit "panko/tests/cases/decl_in_global_scope/test_cv_qualifiers.c"
   (tentative-definition external (a~0 `int volatile` (static a)) ∅)
   (tentative-definition external (b~1 `int const volatile` (static b)) ∅)
   (tentative-definition external (c~2 `int const volatile` (static c)) ∅))

----- stderr -----
