---
source: panko/tests/testsuite/main.rs
info:
  program: panko
  args:
    - "--print=layout"
    - "--stop-after=layout"
    - panko/tests/cases/execute/typeof/test_error_typeof_unqual_with_const_qualifier_is_const.c
---
success: true
exit_code: 0
----- stdout -----
(translation-unit "panko/tests/cases/execute/typeof/test_error_typeof_unqual_with_const_qualifier_is_const.c"
   (function-definition external
      (main~0 `fn() -> int` (static main))
      (compound-statement
         (definition (this_is_const~1 `int` @0) ∅)
         (expression
            (assign `int` @0
               (this_is_const~1 `int` @0)
               (42 `int` @0)))
         (return (this_is_const~1 `int` @0)))))

----- stderr -----
