---
source: panko/tests/testsuite/main.rs
info:
  program: panko
  args:
    - "--print=typeck"
    - "--stop-after=typeck"
    - panko/tests/cases/execute/test_ptr_to_static.c
---
success: true
exit_code: 0
----- stdout -----
(translation-unit
   (definition x~0 `int` (42 `int`))
   (function-definition
      main~1 `fn() -> int`
      (compound-statement
         (definition p~2 `ptr<int>`
            (addressof `ptr<int>`
               (x~0 `int`)))
         (definition local_copy~3 `int` (deref `int` (p~2 `ptr<int>`)))
         (expression (assign `int` (deref `int` (p~2 `ptr<int>`)) (27 `int`)))
         (return (add `int` (add `int` (local_copy~3 `int`) (deref `int` (p~2 `ptr<int>`))) (x~0 `int`))))))

----- stderr -----
