---
source: panko/tests/testsuite/main.rs
info:
  program: panko
  args:
    - "--print=typeck"
    - "--stop-after=typeck"
    - panko/tests/cases/decl_in_function/test_declare_function_in_function.c
---
success: true
exit_code: 0
----- stdout -----
(translation-unit "panko/tests/cases/decl_in_function/test_declare_function_in_function.c"
   (function-definition
      f~0 `fn() -> int`
      (compound-statement
         (declaration g~1 `fn() -> int` ∅)
         (declaration g~1 `fn() -> int` ∅)
         (return (42 `int`)))))

----- stderr -----
