---
source: panko/tests/testsuite/main.rs
info:
  program: panko
  args:
    - "--print=scopes"
    - "--stop-after=scopes"
    - panko/tests/cases/execute/test_value_of_assign_to_dereferenced_ptr.c
---
success: true
exit_code: 0
----- stdout -----
(translation-unit "panko/tests/cases/execute/test_value_of_assign_to_dereferenced_ptr.c"
   (function-definition
      main~0 `fn() -> int`
      (compound-statement
         (declaration x~2 `int` 42)
         (declaration p~3 `ptr<int>` (addressof (name x~2 `int`)))
         (return (assign (deref (name p~3 `ptr<int>`)) 27)))))

----- stderr -----
